[48;5;212m                                                                                                                                                [m[48;5;212mTest Heading[m[48;5;212m                                                                                                                                                [m